{
  "usingComponents": {
    "index": "/remixVendors/components/native-component/index"
  }
}
