{
  "usingComponents": {
    "index2": "/remixVendors/components/d/index",
    "index9": "/remixVendors/components/f/index"
  }
}
