{
  "usingComponents": {
    "index": "/remixVendors/components/a/index"
  }
}
