// Jest Snapshot v1, https://goo.gl/fbAQLP

exports[`Image render correctly in ali 1`] = `
<image
  className="class"
  onError={[Function]}
  onLoad={[Function]}
/>
`;
