// Jest Snapshot v1, https://goo.gl/fbAQLP

exports[`build build simple app 1`] = `
Array [
  Object {
    "code": "App({});
",
    "fileName": "__tests__/fixtures/simple/src/app.js",
  },
  Object {
    "code": "import { createElement as react_22 } from '../../../../../node_modules/react/index.js';
import '../../../../../node_modules/remax/lib/render.js';
import createPageConfig from '../../../../../node_modules/remax/lib/createPageConfig.js';
import { View } from '../../../../../node_modules/remax/lib/components.js';

const _page = function () {
  return react_22(View, null, \\"foo\\");
};

var index = Page(createPageConfig(_page));

export default index;
",
    "fileName": "__tests__/fixtures/simple/src/pages/index.js",
  },
  Object {
    "code": "{
  \\"pages\\": [\\"pages/index\\"]
}
",
    "fileName": "app.json",
  },
  Object {
    "code": "<template name=\\"REMAX_TPL\\">
  <block a:for=\\"{{$$REMAX_ROOT}}\\" a:key=\\"\\">
    <template is=\\"REMAX_TPL_1\\" data=\\"{{item}}\\"/>
  </block>
</template>

<template name=\\"REMAX_TPL_1\\">
  <block>
    <block a:if=\\"{{item && item.text}}\\">
      <!-- string -->
      {{item.text}}
    </block>

    <block a:if=\\"{{item.type === 'root'}}\\">
      <block a:for=\\"{{item.children}}\\" a:key=\\"\\">
        <template is=\\"REMAX_TPL_1\\" data=\\"{{item}}\\"/>
      </block>
    </block>

    



<block a:if=\\"{{item.type === 'view'}}\\">
  <view
    
        bindtap=\\"{{item.props.bindtap}}\\"
    
  >
    <block a:for=\\"{{item.children}}\\" a:key=\\"\\">
      <template is=\\"REMAX_TPL_1\\" data=\\"{{item}}\\"/>
    </block>
  </view>
</block>


    
      



<block a:if=\\"{{item.type === 'view+'}}\\">
  <view
    
        bindtap=\\"{{item.props.bindtap}}\\"
    
  >
    <block a:for=\\"{{item.children}}\\" a:key=\\"\\">
      <template is=\\"REMAX_TPL_1\\" data=\\"{{item}}\\"/>
    </block>
  </view>
</block>

    
  </block>
</template>
",
    "fileName": "base.axml",
  },
  Object {
    "code": "<import src=\\"../../base.axml\\"/>
<template is=\\"REMAX_TPL\\" data=\\"{{$$REMAX_ROOT}}\\"/>
",
    "fileName": "__tests__/fixtures/simple/src/app.axml",
  },
  Object {
    "code": "<import src=\\"../../base.axml\\"/>
<template is=\\"REMAX_TPL\\" data=\\"{{$$REMAX_ROOT}}\\"/>
",
    "fileName": "__tests__/fixtures/simple/src/pages/index.axml",
  },
]
`;
