{
  "usingComponents": {
    "index": "/remixVendors/components/nativeComponent/index"
  }
}