// Jest Snapshot v1, https://goo.gl/fbAQLP

exports[`remix config schema validation 1`] = `
"Invalid configuration object. remix has been initialized using a configuration object that does not match the API schema.
 - configuration has an unknown property 'xxx'. These properties are valid:
   object { dynamicPages?, notify?, pxToRpx?, cwd?, progress?, compressTemplate?, output?, rootDir?, configWebpack?, plugins? }
 - configuration.dynamicPages should be an array:
   [any, ...]
 - configuration.notify should be a boolean.
 - configuration.pxToRpx should be a boolean.
 - configuration.cwd should be a string.
 - configuration.progress should be a boolean.
 - configuration.compressTemplate should be a boolean.
 - configuration.output should be a string.
 - configuration.rootDir should be a string.
 - configuration.configWebpack should be an instance of function.
 - configuration.plugins should be an array:
   [any, ...]"
`;
